chevents.c:103:6:chEvtRegisterMaskWithFlags	4	static
chevents.c:133:6:chEvtUnregister	0	static
chevents.c:162:13:chEvtGetAndClearEventsI	0	static
chevents.c:179:13:chEvtGetAndClearEvents	8	static
chevents.c:198:13:chEvtAddEvents	0	static
chevents.c:257:14:chEvtGetAndClearFlags	0	static
chevents.c:298:6:chEvtSignalI	8	static
chevents.c:225:6:chEvtBroadcastFlagsI	16	static
chevents.c:276:6:chEvtSignal	8	static
chevents.c:327:6:chEvtBroadcastFlags	8	static
chevents.c:346:14:chEvtGetAndClearFlagsI	0	static
chevents.c:364:6:chEvtDispatch	24	static
chevents.c:399:13:chEvtWaitOne	16	static
chevents.c:429:13:chEvtWaitAny	16	static
chevents.c:457:13:chEvtWaitAll	16	static
chevents.c:495:13:chEvtWaitOneTimeout	16	static
chevents.c:538:13:chEvtWaitAnyTimeout	16	static
chevents.c:579:13:chEvtWaitAllTimeout	16	static
