chthreads.c:88:11:_thread_init	4	static
chthreads.c:167:11:chThdCreateSuspendedI	8	static
chthreads.c:216:11:chThdCreateSuspended	8	static
chthreads.c:259:11:chThdCreateI	8	static
chthreads.c:280:11:chThdCreate	8	static
chthreads.c:323:11:chThdCreateStatic	8	static
chthreads.c:379:11:chThdStart	8	static
chthreads.c:401:11:chThdAddRef	0	static
chthreads.c:427:6:chThdRelease	8	static
chthreads.c:501:6:chThdExitS	16	static
chthreads.c:477:6:chThdExit	8	static
chthreads.c:559:7:chThdWait	16	static
chthreads.c:598:9:chThdSetPriority	8	static
chthreads.c:632:6:chThdTerminate	0	static
chthreads.c:651:6:chThdSleep	8	static
chthreads.c:671:6:chThdSleepUntil	8	static
chthreads.c:696:11:chThdSleepUntilWindowed	8	static
chthreads.c:716:6:chThdYield	8	static
chthreads.c:733:7:chThdSuspendS	8	static
chthreads.c:764:7:chThdSuspendTimeoutS	8	static
chthreads.c:789:6:chThdResumeI	8	static
chthreads.c:812:6:chThdResumeS	8	static
chthreads.c:834:6:chThdResume	8	static
chthreads.c:864:7:chThdEnqueueTimeoutS	8	static
chthreads.c:884:6:chThdDequeueNextI	8	static
chthreads.c:899:6:chThdDequeueAllI	16	static
