chmemcore.h:152:21:chCoreAllocAligned	8	static
cmsis_os.c:65:13:timer_cb	24	static
cmsis_os.c:84:10:osKernelInitialize	16	static
cmsis_os.c:103:10:osKernelStart	8	static
cmsis_os.c:115:12:osThreadCreate	16	static
cmsis_os.c:133:10:osThreadTerminate	8	static
cmsis_os.c:150:10:osThreadSetPriority	8	static
cmsis_os.c:208:11:osTimerCreate	16	static
cmsis_os.c:223:10:osTimerStart	16	static
cmsis_os.c:237:10:osTimerStop	8	static
cmsis_os.c:247:10:osTimerDelete	16	static
cmsis_os.c:258:9:osSignalSet	24	static
cmsis_os.c:272:9:osSignalClear	0	static
cmsis_os.c:288:9:osSignalWait	24	static
cmsis_os.c:314:15:osSemaphoreCreate	16	static
cmsis_os.c:327:9:osSemaphoreWait	16	static
cmsis_os.c:345:10:osSemaphoreRelease	16	static
cmsis_os.c:359:10:osSemaphoreDelete	8	static
cmsis_os.c:372:11:osMutexCreate	8	static
cmsis_os.c:384:10:osMutexWait	16	static
cmsis_os.c:402:10:osMutexRelease	16	static
cmsis_os.c:416:10:osMutexDelete	8	static
cmsis_os.c:429:10:osPoolCreate	8	static
cmsis_os.c:440:7:osPoolAlloc	16	static
cmsis_os.c:453:7:osPoolCAlloc	16	static
cmsis_os.c:464:10:osPoolFree	16	static
cmsis_os.c:478:14:osMessageCreate	8	static
cmsis_os.c:497:10:osMessagePut	24	static
cmsis_os.c:525:9:osMessageGet	40	static
