hal_usb_lld.c:213:13:usb_packet_write_from_buffer	4	static
hal_usb_lld.c:392:1:Vector90	40	static
hal_usb_lld.c:461:6:usb_lld_init	8	static
hal_usb_lld.c:506:6:usb_lld_stop	8	static
hal_usb_lld.c:560:6:usb_lld_set_address	0	static
hal_usb_lld.c:573:6:usb_lld_init_endpoint	20	static
hal_usb_lld.c:530:6:usb_lld_reset	8	static
hal_usb_lld.c:474:6:usb_lld_start	16	static
hal_usb_lld.c:671:6:usb_lld_disable_endpoints	0	static
hal_usb_lld.c:696:15:usb_lld_get_status_out	0	static
hal_usb_lld.c:721:15:usb_lld_get_status_in	0	static
hal_usb_lld.c:748:6:usb_lld_read_setup	0	static
hal_usb_lld.c:770:6:usb_lld_start_out	0	static
hal_usb_lld.c:791:6:usb_lld_start_in	8	static
hal_usb_lld.c:814:6:usb_lld_stall_out	0	static
hal_usb_lld.c:829:6:usb_lld_stall_in	0	static
hal_usb_lld.c:844:6:usb_lld_clear_out	0	static
hal_usb_lld.c:862:6:usb_lld_clear_in	0	static
