hal_usb.c:64:13:set_address	8	static
hal_usb.c:270:6:usbInit	8	static
hal_usb.c:282:6:usbObjectInit	4	static
hal_usb.c:303:6:usbStart	8	static
hal_usb.c:327:6:usbStop	8	static
hal_usb.c:375:6:usbInitEndpointI	8	static
hal_usb.c:410:6:usbDisableEndpointsI	8	static
hal_usb.c:453:6:usbStartReceiveI	24	static
hal_usb.c:492:6:usbStartTransmitI	24	static
hal_usb.c:599:6:usbStallReceiveI	8	static
hal_usb.c:624:6:usbStallTransmitI	8	static
hal_usb.c:646:6:usbWakeupHost	8	static
hal_usb.c:663:6:_usb_reset	8	static
hal_usb.c:713:6:_usb_suspend	8	static
hal_usb.c:753:6:_usb_wakeup	8	static
hal_usb.c:772:6:_usb_ep0setup	16	static
hal_usb.c:880:6:_usb_ep0in	8	static
hal_usb.c:947:6:_usb_ep0out	8	static
