hal_spi.c:56:6:spiInit	8	static
hal_spi.c:68:6:spiObjectInit	8	static
hal_spi.c:91:6:spiStart	8	static
hal_spi.c:111:6:spiStop	8	static
hal_spi.c:134:6:spiSelect	0	static
hal_spi.c:152:6:spiUnselect	0	static
hal_spi.c:175:6:spiStartIgnore	8	static
hal_spi.c:202:6:spiStartExchange	16	static
hal_spi.c:229:6:spiStartSend	8	static
hal_spi.c:254:6:spiStartReceive	8	static
hal_spi.c:272:6:spiAbortI	8	static
hal_spi.c:294:6:spiAbort	8	static
hal_spi.c:322:6:spiIgnore	8	static
hal_spi.c:354:6:spiExchange	16	static
hal_spi.c:386:6:spiSend	8	static
hal_spi.c:416:6:spiReceive	8	static
hal_spi.c:443:6:spiAcquireBus	8	static
hal_spi.c:459:6:spiReleaseBus	8	static
