hal_serial.c:94:14:_ctl	0	static
hal_serial.c:88:15:_readt	8	static
hal_serial.c:56:15:_read	8	static
hal_serial.c:82:15:_writet	8	static
hal_serial.c:50:15:_write	8	static
hal_serial.c:77:14:_gett	8	static
hal_serial.c:67:14:_get	8	static
hal_serial.c:72:14:_putt	8	static
hal_serial.c:62:14:_put	8	static
hal_serial.c:135:6:sdInit	8	static
hal_serial.c:158:6:sdObjectInit	24	static
hal_serial.c:185:6:sdStart	8	static
hal_serial.c:206:6:sdStop	8	static
hal_serial.c:240:6:sdIncomingDataI	16	static
hal_serial.c:266:7:sdRequestDataI	16	static
hal_serial.c:293:6:sdPutWouldBlock	0	static
hal_serial.c:318:6:sdGetWouldBlock	0	static
hal_serial.c:342:7:sdControl	0	static
