hal_buffers.c:76:6:ibqObjectInit	8	static
hal_buffers.c:107:6:ibqResetI	8	static
hal_buffers.c:129:10:ibqGetEmptyBufferI	0	static
hal_buffers.c:148:6:ibqPostFullBufferI	8	static
hal_buffers.c:222:9:ibqGetFullBufferTimeoutS	16	static
hal_buffers.c:190:7:ibqGetFullBufferTimeout	8	static
hal_buffers.c:269:8:ibqReleaseEmptyBufferS	8	static
hal_buffers.c:254:6:ibqReleaseEmptyBuffer	8	static
hal_buffers.c:309:7:ibqGetTimeout	16	static
hal_buffers.c:358:8:ibqReadTimeout	40	static
hal_buffers.c:432:6:obqObjectInit	4	static
hal_buffers.c:463:6:obqResetI	8	static
hal_buffers.c:486:10:obqGetFullBufferI	0	static
hal_buffers.c:508:6:obqReleaseEmptyBufferI	8	static
hal_buffers.c:577:7:obqGetEmptyBufferTimeoutS	16	static
hal_buffers.c:545:7:obqGetEmptyBufferTimeout	8	static
hal_buffers.c:626:6:obqPostFullBufferS	8	static
hal_buffers.c:610:6:obqPostFullBuffer	8	static
hal_buffers.c:671:7:obqPutTimeout	16	static
hal_buffers.c:721:8:obqWriteTimeout	40	static
hal_buffers.c:795:6:obqTryFlushI	0	static
hal_buffers.c:832:6:obqFlush	8	static
