hal_serial_usb.c:129:14:_ctl	0	static
hal_serial_usb.c:178:13:obnotify	16	static
hal_serial_usb.c:53:13:sdu_start_receive	8	static
hal_serial_usb.c:168:13:ibnotify	8	static
hal_serial_usb.c:123:15:_readt	8	static
hal_serial_usb.c:91:15:_read	8	static
hal_serial_usb.c:117:15:_writet	8	static
hal_serial_usb.c:85:15:_write	8	static
hal_serial_usb.c:112:14:_gett	8	static
hal_serial_usb.c:102:14:_get	8	static
hal_serial_usb.c:107:14:_putt	8	static
hal_serial_usb.c:97:14:_put	8	static
hal_serial_usb.c:210:6:sduInit	0	static
hal_serial_usb.c:222:6:sduObjectInit	32	static
hal_serial_usb.c:243:6:sduStart	0	static
hal_serial_usb.c:270:6:sduStop	16	static
hal_serial_usb.c:310:6:sduSuspendHookI	16	static
hal_serial_usb.c:333:6:sduWakeupHookI	8	static
hal_serial_usb.c:347:6:sduConfigureHookI	16	static
hal_serial_usb.c:372:6:sduRequestsHook	0	static
hal_serial_usb.c:402:6:sduSOFHookI	24	static
hal_serial_usb.c:437:6:sduDataTransmitted	32	static
hal_serial_usb.c:489:6:sduDataReceived	16	static
hal_serial_usb.c:526:6:sduInterruptTransmitted	0	static
hal_serial_usb.c:546:7:sduControl	0	static
