chmemcore.h:135:21:chCoreAllocAlignedI	8	static
chfactory.c:91:23:dyn_list_find	24	static
chfactory.c:173:23:dyn_create_object_pool	16	static
chfactory.c:221:23:dyn_find_object	8	static
chfactory.c:124:23:dyn_create_object_heap	16	static
chfactory.c:157:13:dyn_release_object_heap	8	static
chfactory.c:245:6:_factory_init	16	static
chfactory.c:294:22:chFactoryRegisterObject	16	static
chfactory.c:326:22:chFactoryFindObject	16	static
chfactory.c:351:22:chFactoryFindObjectByPointer	16	static
chfactory.c:384:6:chFactoryReleaseObject	16	static
chfactory.c:412:15:chFactoryCreateBuffer	16	static
chfactory.c:443:15:chFactoryFindBuffer	16	static
chfactory.c:465:6:chFactoryReleaseBuffer	16	static
chfactory.c:491:18:chFactoryCreateSemaphore	16	static
chfactory.c:522:18:chFactoryFindSemaphore	16	static
chfactory.c:544:6:chFactoryReleaseSemaphore	16	static
chfactory.c:572:16:chFactoryCreateMailbox	16	static
chfactory.c:604:16:chFactoryFindMailbox	16	static
chfactory.c:626:6:chFactoryReleaseMailbox	16	static
chfactory.c:656:21:chFactoryCreateObjectsFIFO	32	static
chfactory.c:694:21:chFactoryFindObjectsFIFO	16	static
chfactory.c:716:6:chFactoryReleaseObjectsFIFO	16	static
chfactory.c:744:13:chFactoryCreatePipe	16	static
chfactory.c:776:13:chFactoryFindPipe	16	static
chfactory.c:798:6:chFactoryReleasePipe	16	static
